Archive member included to satisfy reference by file (symbol)

C:/ST/STM32CubeIDE_1.13.2/STM32CubeIDE/plugins/com.st.stm32cube.ide.mcu.externaltools.gnu-tools-for-stm32.11.3.rel1.win32_1.1.1.202309131626/tools/bin/../lib/gcc/arm-none-eabi/11.3.1/../../../../arm-none-eabi/lib/thumb/v7e-m+fp/hard\libc_nano.a(libc_a-exit.o)
                              C:/ST/STM32CubeIDE_1.13.2/STM32CubeIDE/plugins/com.st.stm32cube.ide.mcu.externaltools.gnu-tools-for-stm32.11.3.rel1.win32_1.1.1.202309131626/tools/bin/../lib/gcc/arm-none-eabi/11.3.1/../../../../arm-none-eabi/lib/thumb/v7e-m+fp/hard/crt0.o (exit)
C:/ST/STM32CubeIDE_1.13.2/STM32CubeIDE/plugins/com.st.stm32cube.ide.mcu.externaltools.gnu-tools-for-stm32.11.3.rel1.win32_1.1.1.202309131626/tools/bin/../lib/gcc/arm-none-eabi/11.3.1/../../../../arm-none-eabi/lib/thumb/v7e-m+fp/hard\libc_nano.a(libc_a-findfp.o)
                              C:/ST/STM32CubeIDE_1.13.2/STM32CubeIDE/plugins/com.st.stm32cube.ide.mcu.externaltools.gnu-tools-for-stm32.11.3.rel1.win32_1.1.1.202309131626/tools/bin/../lib/gcc/arm-none-eabi/11.3.1/../../../../arm-none-eabi/lib/thumb/v7e-m+fp/hard\libc_nano.a(libc_a-exit.o) (__stdio_exit_handler)
C:/ST/STM32CubeIDE_1.13.2/STM32CubeIDE/plugins/com.st.stm32cube.ide.mcu.externaltools.gnu-tools-for-stm32.11.3.rel1.win32_1.1.1.202309131626/tools/bin/../lib/gcc/arm-none-eabi/11.3.1/../../../../arm-none-eabi/lib/thumb/v7e-m+fp/hard\libc_nano.a(libc_a-fwalk.o)
                              C:/ST/STM32CubeIDE_1.13.2/STM32CubeIDE/plugins/com.st.stm32cube.ide.mcu.externaltools.gnu-tools-for-stm32.11.3.rel1.win32_1.1.1.202309131626/tools/bin/../lib/gcc/arm-none-eabi/11.3.1/../../../../arm-none-eabi/lib/thumb/v7e-m+fp/hard\libc_nano.a(libc_a-findfp.o) (_fwalk_sglue)
C:/ST/STM32CubeIDE_1.13.2/STM32CubeIDE/plugins/com.st.stm32cube.ide.mcu.externaltools.gnu-tools-for-stm32.11.3.rel1.win32_1.1.1.202309131626/tools/bin/../lib/gcc/arm-none-eabi/11.3.1/../../../../arm-none-eabi/lib/thumb/v7e-m+fp/hard\libc_nano.a(libc_a-stdio.o)
                              C:/ST/STM32CubeIDE_1.13.2/STM32CubeIDE/plugins/com.st.stm32cube.ide.mcu.externaltools.gnu-tools-for-stm32.11.3.rel1.win32_1.1.1.202309131626/tools/bin/../lib/gcc/arm-none-eabi/11.3.1/../../../../arm-none-eabi/lib/thumb/v7e-m+fp/hard\libc_nano.a(libc_a-findfp.o) (__sread)
C:/ST/STM32CubeIDE_1.13.2/STM32CubeIDE/plugins/com.st.stm32cube.ide.mcu.externaltools.gnu-tools-for-stm32.11.3.rel1.win32_1.1.1.202309131626/tools/bin/../lib/gcc/arm-none-eabi/11.3.1/../../../../arm-none-eabi/lib/thumb/v7e-m+fp/hard\libc_nano.a(libc_a-memset.o)
                              C:/ST/STM32CubeIDE_1.13.2/STM32CubeIDE/plugins/com.st.stm32cube.ide.mcu.externaltools.gnu-tools-for-stm32.11.3.rel1.win32_1.1.1.202309131626/tools/bin/../lib/gcc/arm-none-eabi/11.3.1/../../../../arm-none-eabi/lib/thumb/v7e-m+fp/hard/crt0.o (memset)
C:/ST/STM32CubeIDE_1.13.2/STM32CubeIDE/plugins/com.st.stm32cube.ide.mcu.externaltools.gnu-tools-for-stm32.11.3.rel1.win32_1.1.1.202309131626/tools/bin/../lib/gcc/arm-none-eabi/11.3.1/../../../../arm-none-eabi/lib/thumb/v7e-m+fp/hard\libc_nano.a(libc_a-closer.o)
                              C:/ST/STM32CubeIDE_1.13.2/STM32CubeIDE/plugins/com.st.stm32cube.ide.mcu.externaltools.gnu-tools-for-stm32.11.3.rel1.win32_1.1.1.202309131626/tools/bin/../lib/gcc/arm-none-eabi/11.3.1/../../../../arm-none-eabi/lib/thumb/v7e-m+fp/hard\libc_nano.a(libc_a-stdio.o) (_close_r)
C:/ST/STM32CubeIDE_1.13.2/STM32CubeIDE/plugins/com.st.stm32cube.ide.mcu.externaltools.gnu-tools-for-stm32.11.3.rel1.win32_1.1.1.202309131626/tools/bin/../lib/gcc/arm-none-eabi/11.3.1/../../../../arm-none-eabi/lib/thumb/v7e-m+fp/hard\libc_nano.a(libc_a-reent.o)
                              C:/ST/STM32CubeIDE_1.13.2/STM32CubeIDE/plugins/com.st.stm32cube.ide.mcu.externaltools.gnu-tools-for-stm32.11.3.rel1.win32_1.1.1.202309131626/tools/bin/../lib/gcc/arm-none-eabi/11.3.1/../../../../arm-none-eabi/lib/thumb/v7e-m+fp/hard\libc_nano.a(libc_a-closer.o) (errno)
C:/ST/STM32CubeIDE_1.13.2/STM32CubeIDE/plugins/com.st.stm32cube.ide.mcu.externaltools.gnu-tools-for-stm32.11.3.rel1.win32_1.1.1.202309131626/tools/bin/../lib/gcc/arm-none-eabi/11.3.1/../../../../arm-none-eabi/lib/thumb/v7e-m+fp/hard\libc_nano.a(libc_a-impure.o)
                              C:/ST/STM32CubeIDE_1.13.2/STM32CubeIDE/plugins/com.st.stm32cube.ide.mcu.externaltools.gnu-tools-for-stm32.11.3.rel1.win32_1.1.1.202309131626/tools/bin/../lib/gcc/arm-none-eabi/11.3.1/../../../../arm-none-eabi/lib/thumb/v7e-m+fp/hard\libc_nano.a(libc_a-reent.o) (_impure_ptr)
C:/ST/STM32CubeIDE_1.13.2/STM32CubeIDE/plugins/com.st.stm32cube.ide.mcu.externaltools.gnu-tools-for-stm32.11.3.rel1.win32_1.1.1.202309131626/tools/bin/../lib/gcc/arm-none-eabi/11.3.1/../../../../arm-none-eabi/lib/thumb/v7e-m+fp/hard\libc_nano.a(libc_a-lseekr.o)
[...]
Memory Configuration

Name             Origin             Length             Attributes
RAM              0x0000000020000000 0x0000000000020000 xrw
FLASH            0x0000000008000000 0x0000000000080000 xr
*default*        0x0000000000000000 0xffffffffffffffff

Linker script and memory map

LOAD C:/ST/STM32CubeIDE_1.13.2/STM32CubeIDE/plugins/com.st.stm32cube.ide.mcu.externaltools.gnu-tools-for-stm32.11.3.rel1.win32_1.1.1.202309131626/tools/bin/../lib/gcc/arm-none-eabi/11.3.1/thumb/v7e-m+fp/hard/crti.o
LOAD C:/ST/STM32CubeIDE_1.13.2/STM32CubeIDE/plugins/com.st.stm32cube.ide.mcu.externaltools.gnu-tools-for-stm32.11.3.rel1.win32_1.1.1.202309131626/tools/bin/../lib/gcc/arm-none-eabi/11.3.1/thumb/v7e-m+fp/hard/crtbegin.o
LOAD C:/ST/STM32CubeIDE_1.13.2/STM32CubeIDE/plugins/com.st.stm32cube.ide.mcu.externaltools.gnu-tools-for-stm32.11.3.rel1.win32_1.1.1.202309131626/tools/bin/../lib/gcc/arm-none-eabi/11.3.1/../../../../arm-none-eabi/lib/thumb/v7e-m+fp/hard/crt0.o
LOAD ./Core/Src/BMP280_STM32.o
LOAD ./Core/Src/LoRa.o
LOAD ./Core/Src/gpio.o
LOAD ./Core/Src/i2c.o
LOAD ./Core/Src/main.o
LOAD ./Core/Src/spi.o
LOAD ./Core/Src/stm32f4xx_hal_msp.o
LOAD ./Core/Src/stm32f4xx_it.o
LOAD ./Core/Src/syscalls.o
LOAD ./Core/Src/sysmem.o
LOAD ./Core/Src/system_stm32f4xx.o
LOAD ./Core/Startup/startup_stm32f411vetx.o
LOAD ./Drivers/STM32F4xx_HAL_Driver/Src/stm32f4xx_hal.o
LOAD ./Drivers/STM32F4xx_HAL_Driver/Src/stm32f4xx_hal_cortex.o
LOAD ./Drivers/STM32F4xx_HAL_Driver/Src/stm32f4xx_hal_dma.o
LOAD ./Drivers/STM32F4xx_HAL_Driver/Src/stm32f4xx_hal_dma_ex.o
LOAD ./Drivers/STM32F4xx_HAL_Driver/Src/stm32f4xx_hal_exti.o
LOAD ./Drivers/STM32F4xx_HAL_Driver/Src/stm32f4xx_hal_flash.o
LOAD ./Drivers/STM32F4xx_HAL_Driver/Src/stm32f4xx_hal_flash_ex.o
LOAD ./Drivers/STM32F4xx_HAL_Driver/Src/stm32f4xx_hal_flash_ramfunc.o
LOAD ./Drivers/STM32F4xx_HAL_Driver/Src/stm32f4xx_hal_gpio.o
LOAD ./Drivers/STM32F4xx_HAL_Driver/Src/stm32f4xx_hal_i2c.o
LOAD ./Drivers/STM32F4xx_HAL_Driver/Src/stm32f4xx_hal_i2c_ex.o
LOAD ./Drivers/STM32F4xx_HAL_Driver/Src/stm32f4xx_hal_pwr.o
LOAD ./Drivers/STM32F4xx_HAL_Driver/Src/stm32f4xx_hal_pwr_ex.o
LOAD ./Drivers/STM32F4xx_HAL_Driver/Src/stm32f4xx_hal_rcc.o
LOAD ./Drivers/STM32F4xx_HAL_Driver/Src/stm32f4xx_hal_rcc_ex.o
LOAD ./Drivers/STM32F4xx_HAL_Driver/Src/stm32f4xx_hal_spi.o
LOAD ./Drivers/STM32F4xx_HAL_Driver/Src/stm32f4xx_hal_tim.o
LOAD ./Drivers/STM32F4xx_HAL_Driver/Src/stm32f4xx_hal_tim_ex.o
START GROUP
LOAD C:/ST/STM32CubeIDE_1.13.2/STM32CubeIDE/plugins/com.st.stm32cube.ide.mcu.externaltools.gnu-tools-for-stm32.11.3.rel1.win32_1.1.1.202309131626/tools/bin/../lib/gcc/arm-none-eabi/11.3.1/../../../../arm-none-eabi/lib/thumb/v7e-m+fp/hard\libc_nano.a
LOAD C:/ST/STM32CubeIDE_1.13.2/STM32CubeIDE/plugins/com.st.stm32cube.ide.mcu.externaltools.gnu-tools-for-stm32.11.3.rel1.win32_1.1.1.202309131626/tools/bin/../lib/gcc/arm-none-eabi/11.3.1/../../../../arm-none-eabi/lib/thumb/v7e-m+fp/hard\libm.a
END GROUP
START GROUP
LOAD C:/ST/STM32CubeIDE_1.13.2/STM32CubeIDE/plugins/com.st.stm32cube.ide.mcu.externaltools.gnu-tools-for-stm32.11.3.rel1.win32_1.1.1.202309131626/tools/bin/../lib/gcc/arm-none-eabi/11.3.1/thumb/v7e-m+fp/hard\libgcc.a
LOAD C:/ST/STM32CubeIDE_1.13.2/STM32CubeIDE/plugins/com.st.stm32cube.ide.mcu.externaltools.gnu-tools-for-stm32.11.3.rel1.win32_1.1.1.202309131626/tools/bin/../lib/gcc/arm-none-eabi/11.3.1/../../../../arm-none-eabi/lib/thumb/v7e-m+fp/hard\libc_nano.a
END GROUP
START GROUP
LOAD C:/ST/STM32CubeIDE_1.13.2/STM32CubeIDE/plugins/com.st.stm32cube.ide.mcu.externaltools.gnu-tools-for-stm32.11.3.rel1.win32_1.1.1.202309131626/tools/bin/../lib/gcc/arm-none-eabi/11.3.1/thumb/v7e-m+fp/hard\libgcc.a
LOAD C:/ST/STM32CubeIDE_1.13.2/STM32CubeIDE/plugins/com.st.stm32cube.ide.mcu.externaltools.gnu-tools-for-stm32.11.3.rel1.win32_1.1.1.202309131626/tools/bin/../lib/gcc/arm-none-eabi/11.3.1/../../../../arm-none-eabi/lib/thumb/v7e-m+fp/hard\libc_nano.a
LOAD C:/ST/STM32CubeIDE_1.13.2/STM32CubeIDE/plugins/com.st.stm32cube.ide.mcu.externaltools.gnu-tools-for-stm32.11.3.rel1.win32_1.1.1.202309131626/tools/bin/../lib/gcc/arm-none-eabi/11.3.1/../../../../arm-none-eabi/lib/thumb/v7e-m+fp/hard\libnosys.a
END GROUP
START GROUP
LOAD C:/ST/STM32CubeIDE_1.13.2/STM32CubeIDE/plugins/com.st.stm32cube.ide.mcu.externaltools.gnu-tools-for-stm32.11.3.rel1.win32_1.1.1.202309131626/tools/bin/../lib/gcc/arm-none-eabi/11.3.1/thumb/v7e-m+fp/hard\libgcc.a
LOAD C:/ST/STM32CubeIDE_1.13.2/STM32CubeIDE/plugins/com.st.stm32cube.ide.mcu.externaltools.gnu-tools-for-stm32.11.3.rel1.win32_1.1.1.202309131626/tools/bin/../lib/gcc/arm-none-eabi/11.3.1/../../../../arm-none-eabi/lib/thumb/v7e-m+fp/hard\libc_nano.a
LOAD C:/ST/STM32CubeIDE_1.13.2/STM32CubeIDE/plugins/com.st.stm32cube.ide.mcu.externaltools.gnu-tools-for-stm32.11.3.rel1.win32_1.1.1.202309131626/tools/bin/../lib/gcc/arm-none-eabi/11.3.1/../../../../arm-none-eabi/lib/thumb/v7e-m+fp/hard\libnosys.a
END GROUP
LOAD C:/ST/STM32CubeIDE_1.13.2/STM32CubeIDE/plugins/com.st.stm32cube.ide.mcu.externaltools.gnu-tools-for-stm32.11.3.rel1.win32_1.1.1.202309131626/tools/bin/../lib/gcc/arm-none-eabi/11.3.1/thumb/v7e-m+fp/hard/crtend.o
LOAD C:/ST/STM32CubeIDE_1.13.2/STM32CubeIDE/plugins/com.st.stm32cube.ide.mcu.externaltools.gnu-tools-for-stm32.11.3.rel1.win32_1.1.1.202309131626/tools/bin/../lib/gcc/arm-none-eabi/11.3.1/thumb/v7e-m+fp/hard/crtn.o
                0x0000000020020000                _estack = (ORIGIN (RAM) + LENGTH (RAM))
                0x0000000000000200                _Min_Heap_Size = 0x200
                0x0000000000000400                _Min_Stack_Size = 0x400

.isr_vector     0x0000000008000000      0x198
                0x0000000008000000                . = ALIGN (0x4)
 *(.isr_vector)
 .isr_vector    0x0000000008000000      0x198 ./Core/Startup/startup_stm32f411vetx.o
                0x0000000008000000                g_pfnVectors
                0x0000000008000198                . = ALIGN (0x4)

.text           0x0000000008000198     0x5f60
                0x0000000008000198                . = ALIGN (0x4)
 *(.text)
 .text          0x0000000008000198       0x40 C:/ST/STM32CubeIDE_1.13.2/STM32CubeIDE/plugins/com.st.stm32cube.ide.mcu.externaltools.gnu-tools-for-stm32.11.3.rel1.win32_1.1.1.202309131626/tools/bin/../lib/gcc/arm-none-eabi/11.3.1/thumb/v7e-m+fp/hard/crtbegin.o
 .text          0x00000000080001d8      0x378 C:/ST/STM32CubeIDE_1.13.2/STM32CubeIDE/plugins/com.st.stm32cube.ide.mcu.externaltools.gnu-tools-for-stm32.11.3.rel1.win32_1.1.1.202309131626/tools/bin/../lib/gcc/arm-none-eabi/11.3.1/thumb/v7e-m+fp/hard\libgcc.a(_arm_addsubdf3.o)
                0x00000000080001d8                __aeabi_drsub
                0x00000000080001e0                __aeabi_dsub
                0x00000000080001e0                __subdf3
                0x00000000080001e4                __aeabi_dadd
                0x00000000080001e4                __adddf3
                0x000000000800045c                __floatunsidf
                0x000000000800045c                __aeabi_ui2d
                0x000000000800047c                __floatsidf
                0x000000000800047c                __aeabi_i2d
                0x00000000080004a0                __aeabi_f2d
                0x00000000080004a0                __extendsfdf2
                0x00000000080004e4                __floatundidf
                0x00000000080004e4                __aeabi_ul2d
                0x00000000080004f4                __floatdidf
                0x00000000080004f4                __aeabi_l2d
 .text          0x0000000008000550      0x424 C:/ST/STM32CubeIDE_1.13.2/STM32CubeIDE/plugins/com.st.stm32cube.ide.mcu.externaltools.gnu-tools-for-stm32.11.3.rel1.win32_1.1.1.202309131626/tools/bin/../lib/gcc/arm-none-eabi/11.3.1/thumb/v7e-m+fp/hard\libgcc.a(_arm_muldivdf3.o)
                0x0000000008000550                __aeabi_dmul
                0x0000000008000550                __muldf3
                0x00000000080007a4                __divdf3
                0x00000000080007a4                __aeabi_ddiv
 .text          0x0000000008000974       0xa0 C:/ST/STM32CubeIDE_1.13.2/STM32CubeIDE/plugins/com.st.stm32cube.ide.mcu.externaltools.gnu-tools-for-stm32.11.3.rel1.win32_1.1.1.202309131626/tools/bin/../lib/gcc/arm-none-eabi/11.3.1/thumb/v7e-m+fp/hard\libgcc.a(_arm_truncdfsf2.o)
                0x0000000008000974                __truncdfsf2
                0x0000000008000974                __aeabi_d2f
 .text          0x0000000008000a14       0xa0 C:/ST/STM32CubeIDE_1.13.2/STM32CubeIDE/plugins/com.st.stm32cube.ide.mcu.externaltools.gnu-tools-for-stm32.11.3.rel1.win32_1.1.1.202309131626/tools/bin/../lib/gcc/arm-none-eabi/11.3.1/thumb/v7e-m+fp/hard\libgcc.a(_aeabi_ldivmod.o)
                0x0000000008000a14                __aeabi_ldivmod
 .text          0x0000000008000ab4       0x30 C:/ST/STM32CubeIDE_1.13.2/STM32CubeIDE/plugins/com.st.stm32cube.ide.mcu.externaltools.gnu-tools-for-stm32.11.3.rel1.win32_1.1.1.202309131626/tools/bin/../lib/gcc/arm-none-eabi/11.3.1/thumb/v7e-m+fp/hard\libgcc.a(_aeabi_uldivmod.o)
                0x0000000008000ab4                __aeabi_uldivmod
 .text          0x0000000008000ae4      0x2c8 C:/ST/STM32CubeIDE_1.13.2/STM32CubeIDE/plugins/com.st.stm32cube.ide.mcu.externaltools.gnu-tools-for-stm32.11.3.rel1.win32_1.1.1.202309131626/tools/bin/../lib/gcc/arm-none-eabi/11.3.1/thumb/v7e-m+fp/hard\libgcc.a(_udivmoddi4.o)
                0x0000000008000ae4                __udivmoddi4
 .text          0x0000000008000dac        0x4 C:/ST/STM32CubeIDE_1.13.2/STM32CubeIDE/plugins/com.st.stm32cube.ide.mcu.externaltools.gnu-tools-for-stm32.11.3.rel1.win32_1.1.1.202309131626/tools/bin/../lib/gcc/arm-none-eabi/11.3.1/thumb/v7e-m+fp/hard\libgcc.a(_dvmd_tls.o)
                0x0000000008000dac                __aeabi_idiv0
                0x0000000008000dac                __aeabi_ldiv0
 *(.text*)
 .text.TrimRead
                0x0000000008000db0      0x1c4 ./Core/Src/BMP280_STM32.o
                0x0000000008000db0                TrimRead
 .text.BMP280_Config
                0x0000000008000f74      0x1ac ./Core/Src/BMP280_STM32.o
                0x0000000008000f74                BMP280_Config
 .text.BMPReadRaw
                0x0000000008001120       0x98 ./Core/Src/BMP280_STM32.o
                0x0000000008001120                BMPReadRaw
 .text.BMP280_compensate_T_int32
                0x00000000080011b8       0x84 ./Core/Src/BMP280_STM32.o
                0x00000000080011b8                BMP280_compensate_T_int32
 .text.BMP280_compensate_P_int64
                0x000000000800123c      0x58c ./Core/Src/BMP280_STM32.o
                0x000000000800123c                BMP280_compensate_P_int64
 .text.BMP280_compensate_H_int32
                0x00000000080017c8       0xd8 ./Core/Src/BMP280_STM32.o
                0x00000000080017c8                BMP280_compensate_H_int32
 .text.BMP280_Measure
                0x00000000080018a0      0x118 ./Core/Src/BMP280_STM32.o
                0x00000000080018a0                BMP280_Measure
 .text.newLoRa  0x00000000080019b8       0x52 ./Core/Src/LoRa.o
                0x00000000080019b8                newLoRa
 .text.LoRa_gotoMode
                0x0000000008001a0a       0xc2 ./Core/Src/LoRa.o
                0x0000000008001a0a                LoRa_gotoMode
 .text.LoRa_readReg
                0x0000000008001acc       0x7c ./Core/Src/LoRa.o
                0x0000000008001acc                LoRa_readReg
 .text.LoRa_writeReg
                0x0000000008001b48       0x7c ./Core/Src/LoRa.o
                0x0000000008001b48                LoRa_writeReg
 .text.LoRa_setFrequency
                0x0000000008001bc4       0x60 ./Core/Src/LoRa.o
                0x0000000008001bc4                LoRa_setFrequency
 .text.LoRa_setSpreadingFactor
                0x0000000008001c24       0x5e ./Core/Src/LoRa.o
                0x0000000008001c24                LoRa_setSpreadingFactor
 .text.LoRa_setPower
                0x0000000008001c82       0x26 ./Core/Src/LoRa.o
                0x0000000008001c82                LoRa_setPower
 .text.LoRa_setOCP
                0x0000000008001ca8       0x7c ./Core/Src/LoRa.o
                0x0000000008001ca8                LoRa_setOCP
 .text.LoRa_setTOMsb_setCRCon
                0x0000000008001d24       0x36 ./Core/Src/LoRa.o
                0x0000000008001d24                LoRa_setTOMsb_setCRCon
 .text.LoRa_read
                0x0000000008001d5a       0x34 ./Core/Src/LoRa.o
                0x0000000008001d5a                LoRa_read
 .text.LoRa_write
                0x0000000008001d8e       0x3a ./Core/Src/LoRa.o
                0x0000000008001d8e                LoRa_write
 .text.LoRa_BurstWrite
                0x0000000008001dc8       0x8e ./Core/Src/LoRa.o
                0x0000000008001dc8                LoRa_BurstWrite
 .text.LoRa_isvalid
                0x0000000008001e56       0x16 ./Core/Src/LoRa.o
                0x0000000008001e56                LoRa_isvalid
 .text.LoRa_transmit
                0x0000000008001e6c       0xc0 ./Core/Src/LoRa.o
                0x0000000008001e6c                LoRa_transmit
 .text.LoRa_startReceiving
                0x0000000008001f2c       0x18 ./Core/Src/LoRa.o
                0x0000000008001f2c                LoRa_startReceiving
 .text.LoRa_receive
                0x0000000008001f44       0xd0 ./Core/Src/LoRa.o
                0x0000000008001f44                LoRa_receive
 .text.LoRa_init
                0x0000000008002014      0x148 ./Core/Src/LoRa.o
                0x0000000008002014                LoRa_init
 .text.MX_GPIO_Init
                0x000000000800215c      0x130 ./Core/Src/gpio.o
                0x000000000800215c                MX_GPIO_Init
 .text.MX_I2C1_Init
                0x000000000800228c       0x5c ./Core/Src/i2c.o
                0x000000000800228c                MX_I2C1_Init
 .text.MX_I2C2_Init
                0x00000000080022e8       0x5c ./Core/Src/i2c.o
                0x00000000080022e8                MX_I2C2_Init
 .text.MX_I2C3_Init
                0x0000000008002344       0x5c ./Core/Src/i2c.o
                0x0000000008002344                MX_I2C3_Init
 .text.HAL_I2C_MspInit
                0x00000000080023a0      0x1c8 ./Core/Src/i2c.o
                0x00000000080023a0                HAL_I2C_MspInit
 .text.main     0x0000000008002568      0x15c ./Core/Src/main.o
                0x0000000008002568                main
 .text.SystemClock_Config
                0x00000000080026c4       0xd0 ./Core/Src/main.o
                0x00000000080026c4                SystemClock_Config
 .text.Error_Handler
                0x0000000008002794        0xa ./Core/Src/main.o
                0x0000000008002794                Error_Handler
 .text.assert_failed
                0x000000000800279e       0x16 ./Core/Src/main.o
                0x000000000800279e                assert_failed
 .text.MX_SPI1_Init
                0x00000000080027b4       0x6c ./Core/Src/spi.o
                0x00000000080027b4                MX_SPI1_Init
 .text.HAL_SPI_MspInit
                0x0000000008002820       0xa0 ./Core/Src/spi.o
                0x0000000008002820                HAL_SPI_MspInit
 .text.HAL_MspInit
                0x00000000080028c0       0x50 ./Core/Src/stm32f4xx_hal_msp.o
                0x00000000080028c0                HAL_MspInit
 .text.NMI_Handler
                0x0000000008002910        0x6 ./Core/Src/stm32f4xx_it.o
                0x0000000008002910                NMI_Handler
 .text.HardFault_Handler
                0x0000000008002916        0x6 ./Core/Src/stm32f4xx_it.o
                0x0000000008002916                HardFault_Handler
 .text.MemManage_Handler
                0x000000000800291c        0x6 ./Core/Src/stm32f4xx_it.o
                0x000000000800291c                MemManage_Handler
 .text.BusFault_Handler
                0x0000000008002922        0x6 ./Core/Src/stm32f4xx_it.o
                0x0000000008002922                BusFault_Handler
 .text.UsageFault_Handler
                0x0000000008002928        0x6 ./Core/Src/stm32f4xx_it.o
                0x0000000008002928                UsageFault_Handler
 .text.SVC_Handler
                0x000000000800292e        0xe ./Core/Src/stm32f4xx_it.o
                0x000000000800292e                SVC_Handler
 .text.DebugMon_Handler
                0x000000000800293c        0xe ./Core/Src/stm32f4xx_it.o
                0x000000000800293c                DebugMon_Handler
 .text.PendSV_Handler
                0x000000000800294a        0xe ./Core/Src/stm32f4xx_it.o
                0x000000000800294a                PendSV_Handler
 .text.SysTick_Handler
                0x0000000008002958        0xc ./Core/Src/stm32f4xx_it.o
                0x0000000008002958                SysTick_Handler
 .text.EXTI2_IRQHandler
                0x0000000008002964        0xe ./Core/Src/stm32f4xx_it.o
                0x0000000008002964                EXTI2_IRQHandler
 *fill*         0x0000000008002972        0x2 
 .text.SPI1_IRQHandler
                0x0000000008002974       0x14 ./Core/Src/stm32f4xx_it.o
                0x0000000008002974                SPI1_IRQHandler
 .text.SystemInit
                0x0000000008002988       0x24 ./Core/Src/system_stm32f4xx.o
                0x0000000008002988                SystemInit
 .text.Reset_Handler
                0x00000000080029ac       0x50 ./Core/Startup/startup_stm32f411vetx.o
                0x00000000080029ac                Reset_Handler
 .text.Default_Handler
                0x00000000080029fc        0x2 ./Core/Startup/startup_stm32f411vetx.o
                0x00000000080029fc                RTC_Alarm_IRQHandler
                0x00000000080029fc                SPI4_IRQHandler
                0x00000000080029fc                TIM1_CC_IRQHandler
                0x00000000080029fc                DMA2_Stream5_IRQHandler
                0x00000000080029fc                DMA1_Stream5_IRQHandler
                0x00000000080029fc                PVD_IRQHandler
                0x00000000080029fc                SDIO_IRQHandler
                0x00000000080029fc                TAMP_STAMP_IRQHandler
                0x00000000080029fc                EXTI3_IRQHandler
                0x00000000080029fc                TIM1_UP_TIM10_IRQHandler
                0x00000000080029fc                I2C3_ER_IRQHandler
                0x00000000080029fc                EXTI0_IRQHandler
                0x00000000080029fc                I2C2_EV_IRQHandler
                0x00000000080029fc                DMA1_Stream2_IRQHandler
                0x00000000080029fc                FPU_IRQHandler
                0x00000000080029fc                DMA2_Stream2_IRQHandler
                0x00000000080029fc                TIM1_BRK_TIM9_IRQHandler
                0x00000000080029fc                DMA2_Stream3_IRQHandler
                0x00000000080029fc                USART6_IRQHandler
                0x00000000080029fc                DMA2_Stream0_IRQHandler
                0x00000000080029fc                TIM4_IRQHandler
                0x00000000080029fc                I2C1_EV_IRQHandler
                0x00000000080029fc                DMA1_Stream6_IRQHandler
                0x00000000080029fc                DMA1_Stream1_IRQHandler
                0x00000000080029fc                TIM3_IRQHandler
                0x00000000080029fc                RCC_IRQHandler
                0x00000000080029fc                Default_Handler
                0x00000000080029fc                EXTI15_10_IRQHandler
                0x00000000080029fc                ADC_IRQHandler
                0x00000000080029fc                DMA1_Stream7_IRQHandler
                0x00000000080029fc                SPI5_IRQHandler
                0x00000000080029fc                TIM5_IRQHandler
                0x00000000080029fc                DMA2_Stream7_IRQHandler
                0x00000000080029fc                I2C3_EV_IRQHandler
                0x00000000080029fc                EXTI9_5_IRQHandler
                0x00000000080029fc                RTC_WKUP_IRQHandler
                0x00000000080029fc                SPI2_IRQHandler
                0x00000000080029fc                DMA1_Stream0_IRQHandler
                0x00000000080029fc                EXTI4_IRQHandler
                0x00000000080029fc                WWDG_IRQHandler
                0x00000000080029fc                TIM2_IRQHandler
                0x00000000080029fc                OTG_FS_WKUP_IRQHandler
                0x00000000080029fc                TIM1_TRG_COM_TIM11_IRQHandler
                0x00000000080029fc                EXTI1_IRQHandler
                0x00000000080029fc                USART2_IRQHandler
                0x00000000080029fc                I2C2_ER_IRQHandler
                0x00000000080029fc                DMA2_Stream1_IRQHandler
                0x00000000080029fc                FLASH_IRQHandler
                0x00000000080029fc                DMA2_Stream4_IRQHandler
                0x00000000080029fc                USART1_IRQHandler
                0x00000000080029fc                OTG_FS_IRQHandler
                0x00000000080029fc                SPI3_IRQHandler
                0x00000000080029fc                DMA1_Stream4_IRQHandler
                0x00000000080029fc                I2C1_ER_IRQHandler
                0x00000000080029fc                DMA2_Stream6_IRQHandler
                0x00000000080029fc                DMA1_Stream3_IRQHandler
 *fill*         0x00000000080029fe        0x2 
 .text.HAL_Init
                0x0000000008002a00       0x44 ./Drivers/STM32F4xx_HAL_Driver/Src/stm32f4xx_hal.o
                0x0000000008002a00                HAL_Init
 .text.HAL_InitTick
                0x0000000008002a44       0x60 ./Drivers/STM32F4xx_HAL_Driver/Src/stm32f4xx_hal.o
                0x0000000008002a44                HAL_InitTick
 .text.HAL_IncTick
                0x0000000008002aa4       0x28 ./Drivers/STM32F4xx_HAL_Driver/Src/stm32f4xx_hal.o
                0x0000000008002aa4                HAL_IncTick
 .text.HAL_GetTick
                0x0000000008002acc       0x18 ./Drivers/STM32F4xx_HAL_Driver/Src/stm32f4xx_hal.o
                0x0000000008002acc                HAL_GetTick
 .text.HAL_Delay
                0x0000000008002ae4       0x48 ./Drivers/STM32F4xx_HAL_Driver/Src/stm32f4xx_hal.o
                0x0000000008002ae4                HAL_Delay
 .text.__NVIC_SetPriorityGrouping
                0x0000000008002b2c       0x48 ./Drivers/STM32F4xx_HAL_Driver/Src/stm32f4xx_hal_cortex.o
 .text.__NVIC_GetPriorityGrouping
                0x0000000008002b74       0x1c ./Drivers/STM32F4xx_HAL_Driver/Src/stm32f4xx_hal_cortex.o
 .text.__NVIC_EnableIRQ
                0x0000000008002b90       0x3c ./Drivers/STM32F4xx_HAL_Driver/Src/stm32f4xx_hal_cortex.o
 .text.__NVIC_SetPriority
                0x0000000008002bcc       0x54 ./Drivers/STM32F4xx_HAL_Driver/Src/stm32f4xx_hal_cortex.o
 .text.NVIC_EncodePriority
                0x0000000008002c20       0x66 ./Drivers/STM32F4xx_HAL_Driver/Src/stm32f4xx_hal_cortex.o
 *fill*         0x0000000008002c86        0x2 
 .text.SysTick_Config
                0x0000000008002c88       0x44 ./Drivers/STM32F4xx_HAL_Driver/Src/stm32f4xx_hal_cortex.o
 .text.HAL_NVIC_SetPriorityGrouping
                0x0000000008002ccc       0x40 ./Drivers/STM32F4xx_HAL_Driver/Src/stm32f4xx_hal_cortex.o
                0x0000000008002ccc                HAL_NVIC_SetPriorityGrouping
 .text.HAL_NVIC_SetPriority
                0x0000000008002d0c       0x58 ./Drivers/STM32F4xx_HAL_Driver/Src/stm32f4xx_hal_cortex.o
                0x0000000008002d0c                HAL_NVIC_SetPriority
 .text.HAL_NVIC_EnableIRQ
                0x0000000008002d64       0x30 ./Drivers/STM32F4xx_HAL_Driver/Src/stm32f4xx_hal_cortex.o
                0x0000000008002d64                HAL_NVIC_EnableIRQ
 .text.HAL_SYSTICK_Config
                0x0000000008002d94       0x18 ./Drivers/STM32F4xx_HAL_Driver/Src/stm32f4xx_hal_cortex.o
                0x0000000008002d94                HAL_SYSTICK_Config
 .text.HAL_DMA_Abort_IT
                0x0000000008002dac       0x44 ./Drivers/STM32F4xx_HAL_Driver/Src/stm32f4xx_hal_dma.o
                0x0000000008002dac                HAL_DMA_Abort_IT
 .text.HAL_GPIO_Init
                0x0000000008002df0      0x534 ./Drivers/STM32F4xx_HAL_Driver/Src/stm32f4xx_hal_gpio.o
                0x0000000008002df0                HAL_GPIO_Init
 .text.HAL_GPIO_WritePin
                0x0000000008003324       0x64 ./Drivers/STM32F4xx_HAL_Driver/Src/stm32f4xx_hal_gpio.o
                0x0000000008003324                HAL_GPIO_WritePin
 .text.HAL_GPIO_TogglePin
                0x0000000008003388       0x50 ./Drivers/STM32F4xx_HAL_Driver/Src/stm32f4xx_hal_gpio.o
                0x0000000008003388                HAL_GPIO_TogglePin
 .text.HAL_GPIO_EXTI_IRQHandler
                0x00000000080033d8       0x30 ./Drivers/STM32F4xx_HAL_Driver/Src/stm32f4xx_hal_gpio.o
                0x00000000080033d8                HAL_GPIO_EXTI_IRQHandler
 .text.HAL_GPIO_EXTI_Callback
                0x0000000008003408       0x16 ./Drivers/STM32F4xx_HAL_Driver/Src/stm32f4xx_hal_gpio.o
                0x0000000008003408                HAL_GPIO_EXTI_Callback
 *fill*         0x000000000800341e        0x2 
 .text.HAL_I2C_Init
                0x0000000008003420      0x398 ./Drivers/STM32F4xx_HAL_Driver/Src/stm32f4xx_hal_i2c.o
                0x0000000008003420                HAL_I2C_Init
 .text.HAL_I2C_Mem_Write
                0x00000000080037b8      0x20c ./Drivers/STM32F4xx_HAL_Driver/Src/stm32f4xx_hal_i2c.o
                0x00000000080037b8                HAL_I2C_Mem_Write
 .text.HAL_I2C_Mem_Read
                0x00000000080039c4      0x464 ./Drivers/STM32F4xx_HAL_Driver/Src/stm32f4xx_hal_i2c.o
                0x00000000080039c4                HAL_I2C_Mem_Read
 .text.I2C_RequestMemoryWrite
                0x0000000008003e28      0x12c ./Drivers/STM32F4xx_HAL_Driver/Src/stm32f4xx_hal_i2c.o
 .text.I2C_RequestMemoryRead
                0x0000000008003f54      0x1d0 ./Drivers/STM32F4xx_HAL_Driver/Src/stm32f4xx_hal_i2c.o
 .text.I2C_WaitOnFlagUntilTimeout
                0x0000000008004124       0xae ./Drivers/STM32F4xx_HAL_Driver/Src/stm32f4xx_hal_i2c.o
 .text.I2C_WaitOnMasterAddressFlagUntilTimeout
                0x00000000080041d2       0xfe ./Drivers/STM32F4xx_HAL_Driver/Src/stm32f4xx_hal_i2c.o
 .text.I2C_WaitOnTXEFlagUntilTimeout
                0x00000000080042d0       0x82 ./Drivers/STM32F4xx_HAL_Driver/Src/stm32f4xx_hal_i2c.o
 .text.I2C_WaitOnBTFFlagUntilTimeout
                0x0000000008004352       0x82 ./Drivers/STM32F4xx_HAL_Driver/Src/stm32f4xx_hal_i2c.o
 .text.I2C_WaitOnRXNEFlagUntilTimeout
                0x00000000080043d4       0xac ./Drivers/STM32F4xx_HAL_Driver/Src/stm32f4xx_hal_i2c.o
 .text.I2C_IsAcknowledgeFailed
                0x0000000008004480       0x5e ./Drivers/STM32F4xx_HAL_Driver/Src/stm32f4xx_hal_i2c.o
 *fill*         0x00000000080044de        0x2 
 .text.HAL_RCC_OscConfig
                0x00000000080044e0      0x650 ./Drivers/STM32F4xx_HAL_Driver/Src/stm32f4xx_hal_rcc.o
                0x00000000080044e0                HAL_RCC_OscConfig
 .text.HAL_RCC_ClockConfig
                0x0000000008004b30      0x31c ./Drivers/STM32F4xx_HAL_Driver/Src/stm32f4xx_hal_rcc.o
                0x0000000008004b30                HAL_RCC_ClockConfig
 .text.HAL_RCC_GetSysClockFreq
                0x0000000008004e4c      0x20c ./Drivers/STM32F4xx_HAL_Driver/Src/stm32f4xx_hal_rcc.o
                0x0000000008004e4c                HAL_RCC_GetSysClockFreq
 .text.HAL_RCC_GetHCLKFreq
                0x0000000008005058       0x18 ./Drivers/STM32F4xx_HAL_Driver/Src/stm32f4xx_hal_rcc.o
                0x0000000008005058                HAL_RCC_GetHCLKFreq
 .text.HAL_RCC_GetPCLK1Freq
                0x0000000008005070       0x28 ./Drivers/STM32F4xx_HAL_Driver/Src/stm32f4xx_hal_rcc.o
                0x0000000008005070                HAL_RCC_GetPCLK1Freq
 .text.HAL_SPI_Init
                0x0000000008005098      0x338 ./Drivers/STM32F4xx_HAL_Driver/Src/stm32f4xx_hal_spi.o
                0x0000000008005098                HAL_SPI_Init
 .text.HAL_SPI_Transmit
                0x00000000080053d0      0x298 ./Drivers/STM32F4xx_HAL_Driver/Src/stm32f4xx_hal_spi.o
                0x00000000080053d0                HAL_SPI_Transmit
 .text.HAL_SPI_Receive
                0x0000000008005668      0x222 ./Drivers/STM32F4xx_HAL_Driver/Src/stm32f4xx_hal_spi.o
                0x0000000008005668                HAL_SPI_Receive
 *fill*         0x000000000800588a        0x2 
 .text.HAL_SPI_TransmitReceive
                0x000000000800588c      0x35c ./Drivers/STM32F4xx_HAL_Driver/Src/stm32f4xx_hal_spi.o
                0x000000000800588c                HAL_SPI_TransmitReceive
 .text.HAL_SPI_IRQHandler
                0x0000000008005be8      0x1e8 ./Drivers/STM32F4xx_HAL_Driver/Src/stm32f4xx_hal_spi.o
                0x0000000008005be8                HAL_SPI_IRQHandler
 .text.HAL_SPI_ErrorCallback
                0x0000000008005dd0       0x14 ./Drivers/STM32F4xx_HAL_Driver/Src/stm32f4xx_hal_spi.o
                0x0000000008005dd0                HAL_SPI_ErrorCallback
 .text.HAL_SPI_GetState
                0x0000000008005de4       0x1c ./Drivers/STM32F4xx_HAL_Driver/Src/stm32f4xx_hal_spi.o
                0x0000000008005de4                HAL_SPI_GetState
 .text.SPI_DMAAbortOnError
                0x0000000008005e00       0x28 ./Drivers/STM32F4xx_HAL_Driver/Src/stm32f4xx_hal_spi.o
 .text.SPI_WaitFlagStateUntilTimeout
                0x0000000008005e28      0x110 ./Drivers/STM32F4xx_HAL_Driver/Src/stm32f4xx_hal_spi.o
 .text.SPI_EndRxTransaction
                0x0000000008005f38       0xca ./Drivers/STM32F4xx_HAL_Driver/Src/stm32f4xx_hal_spi.o
 *fill*         0x0000000008006002        0x2 
 .text.SPI_EndRxTxTransaction
                0x0000000008006004       0x84 ./Drivers/STM32F4xx_HAL_Driver/Src/stm32f4xx_hal_spi.o
 .text.memset   0x0000000008006088       0x10 C:/ST/STM32CubeIDE_1.13.2/STM32CubeIDE/plugins/com.st.stm32cube.ide.mcu.externaltools.gnu-tools-for-stm32.11.3.rel1.win32_1.1.1.202309131626/tools/bin/../lib/gcc/arm-none-eabi/11.3.1/../../../../arm-none-eabi/lib/thumb/v7e-m+fp/hard\libc_nano.a(libc_a-memset.o)
                0x0000000008006088                memset
 .text.__libc_init_array
                0x0000000008006098       0x48 C:/ST/STM32CubeIDE_1.13.2/STM32CubeIDE/plugins/com.st.stm32cube.ide.mcu.externaltools.gnu-tools-for-stm32.11.3.rel1.win32_1.1.1.202309131626/tools/bin/../lib/gcc/arm-none-eabi/11.3.1/../../../../arm-none-eabi/lib/thumb/v7e-m+fp/hard\libc_nano.a(libc_a-init.o)
                0x0000000008006098                __libc_init_array
 *(.glue_7)
 .glue_7        0x00000000080060e0        0x0 linker stubs
 *(.glue_7t)
 .glue_7t       0x00000000080060e0        0x0 linker stubs
 *(.eh_frame)
 .eh_frame      0x00000000080060e0        0x0 C:/ST/STM32CubeIDE_1.13.2/STM32CubeIDE/plugins/com.st.stm32cube.ide.mcu.externaltools.gnu-tools-for-stm32.11.3.rel1.win32_1.1.1.202309131626/tools/bin/../lib/gcc/arm-none-eabi/11.3.1/thumb/v7e-m+fp/hard/crtbegin.o
 *(.init)
 .init          0x00000000080060e0        0x4 C:/ST/STM32CubeIDE_1.13.2/STM32CubeIDE/plugins/com.st.stm32cube.ide.mcu.externaltools.gnu-tools-for-stm32.11.3.rel1.win32_1.1.1.202309131626/tools/bin/../lib/gcc/arm-none-eabi/11.3.1/thumb/v7e-m+fp/hard/crti.o
                0x00000000080060e0                _init
 .init          0x00000000080060e4        0x8 C:/ST/STM32CubeIDE_1.13.2/STM32CubeIDE/plugins/com.st.stm32cube.ide.mcu.externaltools.gnu-tools-for-stm32.11.3.rel1.win32_1.1.1.202309131626/tools/bin/../lib/gcc/arm-none-eabi/11.3.1/thumb/v7e-m+fp/hard/crtn.o
 *(.fini)
 .fini          0x00000000080060ec        0x4 C:/ST/STM32CubeIDE_1.13.2/STM32CubeIDE/plugins/com.st.stm32cube.ide.mcu.externaltools.gnu-tools-for-stm32.11.3.rel1.win32_1.1.1.202309131626/tools/bin/../lib/gcc/arm-none-eabi/11.3.1/thumb/v7e-m+fp/hard/crti.o
                0x00000000080060ec                _fini
 .fini          0x00000000080060f0        0x8 C:/ST/STM32CubeIDE_1.13.2/STM32CubeIDE/plugins/com.st.stm32cube.ide.mcu.externaltools.gnu-tools-for-stm32.11.3.rel1.win32_1.1.1.202309131626/tools/bin/../lib/gcc/arm-none-eabi/11.3.1/thumb/v7e-m+fp/hard/crtn.o
                0x00000000080060f8                . = ALIGN (0x4)
                0x00000000080060f8                _etext = .

.vfp11_veneer   0x00000000080060f8        0x0
 .vfp11_veneer  0x00000000080060f8        0x0 linker stubs

.v4_bx          0x00000000080060f8        0x0
 .v4_bx         0x00000000080060f8        0x0 linker stubs

.iplt           0x00000000080060f8        0x0
 .iplt          0x00000000080060f8        0x0 C:/ST/STM32CubeIDE_1.13.2/STM32CubeIDE/plugins/com.st.stm32cube.ide.mcu.externaltools.gnu-tools-for-stm32.11.3.rel1.win32_1.1.1.202309131626/tools/bin/../lib/gcc/arm-none-eabi/11.3.1/thumb/v7e-m+fp/hard/crtbegin.o

.rodata         0x00000000080060f8      0x138
                0x00000000080060f8                . = ALIGN (0x4)
 *(.rodata)
 .rodata        0x00000000080060f8       0x3b ./Drivers/STM32F4xx_HAL_Driver/Src/stm32f4xx_hal_cortex.o
 *fill*         0x0000000008006133        0x1 
 .rodata        0x0000000008006134       0x39 ./Drivers/STM32F4xx_HAL_Driver/Src/stm32f4xx_hal_gpio.o
 *fill*         0x000000000800616d        0x3 
 .rodata        0x0000000008006170       0x38 ./Drivers/STM32F4xx_HAL_Driver/Src/stm32f4xx_hal_i2c.o
 .rodata        0x00000000080061a8       0x38 ./Drivers/STM32F4xx_HAL_Driver/Src/stm32f4xx_hal_rcc.o
 .rodata        0x00000000080061e0       0x38 ./Drivers/STM32F4xx_HAL_Driver/Src/stm32f4xx_hal_spi.o
 *(.rodata*)
 .rodata.AHBPrescTable
                0x0000000008006218       0x10 ./Core/Src/system_stm32f4xx.o
                0x0000000008006218                AHBPrescTable
 .rodata.APBPrescTable
                0x0000000008006228        0x8 ./Core/Src/system_stm32f4xx.o
                0x0000000008006228                APBPrescTable
                0x0000000008006230                . = ALIGN (0x4)

.ARM.extab      0x0000000008006230        0x0
                0x0000000008006230                . = ALIGN (0x4)
 *(.ARM.extab* .gnu.linkonce.armextab.*)
                0x0000000008006230                . = ALIGN (0x4)

.ARM            0x0000000008006230        0x8
                0x0000000008006230                . = ALIGN (0x4)
                0x0000000008006230                __exidx_start = .
 *(.ARM.exidx*)
 .ARM.exidx     0x0000000008006230        0x8 C:/ST/STM32CubeIDE_1.13.2/STM32CubeIDE/plugins/com.st.stm32cube.ide.mcu.externaltools.gnu-tools-for-stm32.11.3.rel1.win32_1.1.1.202309131626/tools/bin/../lib/gcc/arm-none-eabi/11.3.1/thumb/v7e-m+fp/hard\libgcc.a(_udivmoddi4.o)
                0x0000000008006238                __exidx_end = .
                0x0000000008006238                . = ALIGN (0x4)

.rel.dyn        0x0000000008006238        0x0
 .rel.iplt      0x0000000008006238        0x0 C:/ST/STM32CubeIDE_1.13.2/STM32CubeIDE/plugins/com.st.stm32cube.ide.mcu.externaltools.gnu-tools-for-stm32.11.3.rel1.win32_1.1.1.202309131626/tools/bin/../lib/gcc/arm-none-eabi/11.3.1/thumb/v7e-m+fp/hard/crtbegin.o

.preinit_array  0x0000000008006238        0x0
                0x0000000008006238                . = ALIGN (0x4)
                0x0000000008006238                PROVIDE (__preinit_array_start = .)
 *(.preinit_array*)
                0x0000000008006238                PROVIDE (__preinit_array_end = .)
                0x0000000008006238                . = ALIGN (0x4)

.init_array     0x0000000008006238        0x4
                0x0000000008006238                . = ALIGN (0x4)
                0x0000000008006238                PROVIDE (__init_array_start = .)
 *(SORT_BY_NAME(.init_array.*))
 *(.init_array*)
 .init_array    0x0000000008006238        0x4 C:/ST/STM32CubeIDE_1.13.2/STM32CubeIDE/plugins/com.st.stm32cube.ide.mcu.externaltools.gnu-tools-for-stm32.11.3.rel1.win32_1.1.1.202309131626/tools/bin/../lib/gcc/arm-none-eabi/11.3.1/thumb/v7e-m+fp/hard/crtbegin.o
                0x000000000800623c                PROVIDE (__init_array_end = .)
                0x000000000800623c                . = ALIGN (0x4)

.fini_array     0x000000000800623c        0x4
                0x000000000800623c                . = ALIGN (0x4)
                [!provide]                        PROVIDE (__fini_array_start = .)
 *(SORT_BY_NAME(.fini_array.*))
 *(.fini_array*)
 .fini_array    0x000000000800623c        0x4 C:/ST/STM32CubeIDE_1.13.2/STM32CubeIDE/plugins/com.st.stm32cube.ide.mcu.externaltools.gnu-tools-for-stm32.11.3.rel1.win32_1.1.1.202309131626/tools/bin/../lib/gcc/arm-none-eabi/11.3.1/thumb/v7e-m+fp/hard/crtbegin.o
                [!provide]                        PROVIDE (__fini_array_end = .)
                0x0000000008006240                . = ALIGN (0x4)
                0x0000000008006240                _sidata = LOADADDR (.data)

.data           0x0000000020000000       0x10 load address 0x0000000008006240
                0x0000000020000000                . = ALIGN (0x4)
                0x0000000020000000                _sdata = .
 *(.data)
 *(.data*)
 .data.tmp      0x0000000020000000        0x1 ./Core/Src/main.o
                0x0000000020000000                tmp
 .data.temp     0x0000000020000001        0x1 ./Core/Src/main.o
                0x0000000020000001                temp
 .data.pres     0x0000000020000002        0x1 ./Core/Src/main.o
                0x0000000020000002                pres
 *fill*         0x0000000020000003        0x1 
 .data.SystemCoreClock
                0x0000000020000004        0x4 ./Core/Src/system_stm32f4xx.o
                0x0000000020000004                SystemCoreClock
 .data.uwTickPrio
                0x0000000020000008        0x4 ./Drivers/STM32F4xx_HAL_Driver/Src/stm32f4xx_hal.o
                0x0000000020000008                uwTickPrio
 .data.uwTickFreq
                0x000000002000000c        0x1 ./Drivers/STM32F4xx_HAL_Driver/Src/stm32f4xx_hal.o
                0x000000002000000c                uwTickFreq
 *(.RamFunc)
 *(.RamFunc*)
                0x0000000020000010                . = ALIGN (0x4)
 *fill*         0x000000002000000d        0x3 
                0x0000000020000010                _edata = .

.igot.plt       0x0000000020000010        0x0 load address 0x0000000008006250
 .igot.plt      0x0000000020000010        0x0 C:/ST/STM32CubeIDE_1.13.2/STM32CubeIDE/plugins/com.st.stm32cube.ide.mcu.externaltools.gnu-tools-for-stm32.11.3.rel1.win32_1.1.1.202309131626/tools/bin/../lib/gcc/arm-none-eabi/11.3.1/thumb/v7e-m+fp/hard/crtbegin.o
                0x0000000020000010                . = ALIGN (0x4)

.bss            0x0000000020000010      0x1ec load address 0x0000000008006250
                0x0000000020000010                _sbss = .
                0x0000000020000010                __bss_start__ = _sbss
 *(.bss)
 .bss           0x0000000020000010       0x1c C:/ST/STM32CubeIDE_1.13.2/STM32CubeIDE/plugins/com.st.stm32cube.ide.mcu.externaltools.gnu-tools-for-stm32.11.3.rel1.win32_1.1.1.202309131626/tools/bin/../lib/gcc/arm-none-eabi/11.3.1/thumb/v7e-m+fp/hard/crtbegin.o
 *(.bss*)
 .bss.chipID    0x000000002000002c        0x1 ./Core/Src/BMP280_STM32.o
                0x000000002000002c                chipID
 *fill*         0x000000002000002d        0x3 
 .bss.tRaw      0x0000000020000030        0x4 ./Core/Src/BMP280_STM32.o
                0x0000000020000030                tRaw
 .bss.pRaw      0x0000000020000034        0x4 ./Core/Src/BMP280_STM32.o
                0x0000000020000034                pRaw
 .bss.hRaw      0x0000000020000038        0x4 ./Core/Src/BMP280_STM32.o
                0x0000000020000038                hRaw
 .bss.dig_T1    0x000000002000003c        0x2 ./Core/Src/BMP280_STM32.o
                0x000000002000003c                dig_T1
 .bss.dig_P1    0x000000002000003e        0x2 ./Core/Src/BMP280_STM32.o
                0x000000002000003e                dig_P1
 .bss.dig_H1    0x0000000020000040        0x2 ./Core/Src/BMP280_STM32.o
                0x0000000020000040                dig_H1
 .bss.dig_H3    0x0000000020000042        0x2 ./Core/Src/BMP280_STM32.o
                0x0000000020000042                dig_H3
 .bss.dig_T2    0x0000000020000044        0x2 ./Core/Src/BMP280_STM32.o
                0x0000000020000044                dig_T2
 .bss.dig_T3    0x0000000020000046        0x2 ./Core/Src/BMP280_STM32.o
                0x0000000020000046                dig_T3
 .bss.dig_P2    0x0000000020000048        0x2 ./Core/Src/BMP280_STM32.o
                0x0000000020000048                dig_P2
 .bss.dig_P3    0x000000002000004a        0x2 ./Core/Src/BMP280_STM32.o
                0x000000002000004a                dig_P3
 .bss.dig_P4    0x000000002000004c        0x2 ./Core/Src/BMP280_STM32.o
                0x000000002000004c                dig_P4
 .bss.dig_P5    0x000000002000004e        0x2 ./Core/Src/BMP280_STM32.o
                0x000000002000004e                dig_P5
 .bss.dig_P6    0x0000000020000050        0x2 ./Core/Src/BMP280_STM32.o
                0x0000000020000050                dig_P6
 .bss.dig_P7    0x0000000020000052        0x2 ./Core/Src/BMP280_STM32.o
                0x0000000020000052                dig_P7
 .bss.dig_P8    0x0000000020000054        0x2 ./Core/Src/BMP280_STM32.o
                0x0000000020000054                dig_P8
 .bss.dig_P9    0x0000000020000056        0x2 ./Core/Src/BMP280_STM32.o
                0x0000000020000056                dig_P9
 .bss.dig_H2    0x0000000020000058        0x2 ./Core/Src/BMP280_STM32.o
                0x0000000020000058                dig_H2
 .bss.dig_H4    0x000000002000005a        0x2 ./Core/Src/BMP280_STM32.o
                0x000000002000005a                dig_H4
 .bss.dig_H5    0x000000002000005c        0x2 ./Core/Src/BMP280_STM32.o
                0x000000002000005c                dig_H5
 .bss.dig_H6    0x000000002000005e        0x2 ./Core/Src/BMP280_STM32.o
                0x000000002000005e                dig_H6
 .bss.t_fine    0x0000000020000060        0x4 ./Core/Src/BMP280_STM32.o
                0x0000000020000060                t_fine
 .bss.hi2c1     0x0000000020000064       0x54 ./Core/Src/i2c.o
                0x0000000020000064                hi2c1
 .bss.hi2c2     0x00000000200000b8       0x54 ./Core/Src/i2c.o
                0x00000000200000b8                hi2c2
 .bss.hi2c3     0x000000002000010c       0x54 ./Core/Src/i2c.o
                0x000000002000010c                hi2c3
 .bss.LoRa_status
                0x0000000020000160        0x4 ./Core/Src/main.o
                0x0000000020000160                LoRa_status
 .bss.myLora    0x0000000020000164       0x2c ./Core/Src/main.o
                0x0000000020000164                myLora
 .bss.data      0x0000000020000190        0x1 ./Core/Src/main.o
                0x0000000020000190                data
 *fill*         0x0000000020000191        0x3 
 .bss.Temperature
                0x0000000020000194        0x4 ./Core/Src/main.o
                0x0000000020000194                Temperature
 .bss.Pressure  0x0000000020000198        0x4 ./Core/Src/main.o
                0x0000000020000198                Pressure
 .bss.Humidity  0x000000002000019c        0x4 ./Core/Src/main.o
                0x000000002000019c                Humidity
 .bss.hspi1     0x00000000200001a0       0x58 ./Core/Src/spi.o
                0x00000000200001a0                hspi1
 .bss.uwTick    0x00000000200001f8        0x4 ./Drivers/STM32F4xx_HAL_Driver/Src/stm32f4xx_hal.o
                0x00000000200001f8                uwTick
 *(COMMON)
                0x00000000200001fc                . = ALIGN (0x4)
                0x00000000200001fc                _ebss = .
                0x00000000200001fc                __bss_end__ = _ebss

._user_heap_stack
                0x00000000200001fc      0x604 load address 0x0000000008006250
                0x0000000020000200                . = ALIGN (0x8)
 *fill*         0x00000000200001fc        0x4 
                [!provide]                        PROVIDE (end = .)
                0x0000000020000200                PROVIDE (_end = .)
                0x0000000020000400                . = (. + _Min_Heap_Size)
 *fill*         0x0000000020000200      0x200 
                0x0000000020000800                . = (. + _Min_Stack_Size)
 *fill*         0x0000000020000400      0x400 
                0x0000000020000800                . = ALIGN (0x8)

/DISCARD/
 libc.a(*)
 libm.a(*)
 libgcc.a(*)

.ARM.attributes
                0x0000000000000000       0x30
 *(.ARM.attributes)
 .ARM.attributes
                0x0000000000000000       0x1e C:/ST/STM32CubeIDE_1.13.2/STM32CubeIDE/plugins/com.st.stm32cube.ide.mcu.externaltools.gnu-tools-for-stm32.11.3.rel1.win32_1.1.1.202309131626/tools/bin/../lib/gcc/arm-none-eabi/11.3.1/thumb/v7e-m+fp/hard/crti.o
 .ARM.attributes
                0x000000000000001e       0x34 C:/ST/STM32CubeIDE_1.13.2/STM32CubeIDE/plugins/com.st.stm32cube.ide.mcu.externaltools.gnu-tools-for-stm32.11.3.rel1.win32_1.1.1.202309131626/tools/bin/../lib/gcc/arm-none-eabi/11.3.1/thumb/v7e-m+fp/hard/crtbegin.o
 .ARM.attributes
                0x0000000000000052       0x34 ./Core/Src/BMP280_STM32.o
 .ARM.attributes
                0x0000000000000086       0x34 ./Core/Src/LoRa.o
 .ARM.attributes
                0x00000000000000ba       0x34 ./Core/Src/gpio.o
 .ARM.attributes
                0x00000000000000ee       0x34 ./Core/Src/i2c.o
 .ARM.attributes
                0x0000000000000122       0x34 ./Core/Src/main.o
 .ARM.attributes
                0x0000000000000156       0x34 ./Core/Src/spi.o
 .ARM.attributes
                0x000000000000018a       0x34 ./Core/Src/stm32f4xx_hal_msp.o
 .ARM.attributes
                0x00000000000001be       0x34 ./Core/Src/stm32f4xx_it.o
 .ARM.attributes
                0x00000000000001f2       0x34 ./Core/Src/system_stm32f4xx.o
 .ARM.attributes
                0x0000000000000226       0x21 ./Core/Startup/startup_stm32f411vetx.o
 .ARM.attributes
                0x0000000000000247       0x34 ./Drivers/STM32F4xx_HAL_Driver/Src/stm32f4xx_hal.o
 .ARM.attributes
                0x000000000000027b       0x34 ./Drivers/STM32F4xx_HAL_Driver/Src/stm32f4xx_hal_cortex.o
 .ARM.attributes
                0x00000000000002af       0x34 ./Drivers/STM32F4xx_HAL_Driver/Src/stm32f4xx_hal_dma.o
 .ARM.attributes
                0x00000000000002e3       0x34 ./Drivers/STM32F4xx_HAL_Driver/Src/stm32f4xx_hal_gpio.o
 .ARM.attributes
                0x0000000000000317       0x34 ./Drivers/STM32F4xx_HAL_Driver/Src/stm32f4xx_hal_i2c.o
 .ARM.attributes
                0x000000000000034b       0x34 ./Drivers/STM32F4xx_HAL_Driver/Src/stm32f4xx_hal_rcc.o
 .ARM.attributes
                0x000000000000037f       0x34 ./Drivers/STM32F4xx_HAL_Driver/Src/stm32f4xx_hal_spi.o
 .ARM.attributes
                0x00000000000003b3       0x34 C:/ST/STM32CubeIDE_1.13.2/STM32CubeIDE/plugins/com.st.stm32cube.ide.mcu.externaltools.gnu-tools-for-stm32.11.3.rel1.win32_1.1.1.202309131626/tools/bin/../lib/gcc/arm-none-eabi/11.3.1/../../../../arm-none-eabi/lib/thumb/v7e-m+fp/hard\libc_nano.a(libc_a-memset.o)
 .ARM.attributes
                0x00000000000003e7       0x34 C:/ST/STM32CubeIDE_1.13.2/STM32CubeIDE/plugins/com.st.stm32cube.ide.mcu.externaltools.gnu-tools-for-stm32.11.3.rel1.win32_1.1.1.202309131626/tools/bin/../lib/gcc/arm-none-eabi/11.3.1/../../../../arm-none-eabi/lib/thumb/v7e-m+fp/hard\libc_nano.a(libc_a-init.o)
 .ARM.attributes
                0x000000000000041b       0x1e C:/ST/STM32CubeIDE_1.13.2/STM32CubeIDE/plugins/com.st.stm32cube.ide.mcu.externaltools.gnu-tools-for-stm32.11.3.rel1.win32_1.1.1.202309131626/tools/bin/../lib/gcc/arm-none-eabi/11.3.1/thumb/v7e-m+fp/hard\libgcc.a(_arm_addsubdf3.o)
 .ARM.attributes
                0x0000000000000439       0x1e C:/ST/STM32CubeIDE_1.13.2/STM32CubeIDE/plugins/com.st.stm32cube.ide.mcu.externaltools.gnu-tools-for-stm32.11.3.rel1.win32_1.1.1.202309131626/tools/bin/../lib/gcc/arm-none-eabi/11.3.1/thumb/v7e-m+fp/hard\libgcc.a(_arm_muldivdf3.o)
 .ARM.attributes
                0x0000000000000457       0x1e C:/ST/STM32CubeIDE_1.13.2/STM32CubeIDE/plugins/com.st.stm32cube.ide.mcu.externaltools.gnu-tools-for-stm32.11.3.rel1.win32_1.1.1.202309131626/tools/bin/../lib/gcc/arm-none-eabi/11.3.1/thumb/v7e-m+fp/hard\libgcc.a(_arm_truncdfsf2.o)
 .ARM.attributes
                0x0000000000000475       0x1e C:/ST/STM32CubeIDE_1.13.2/STM32CubeIDE/plugins/com.st.stm32cube.ide.mcu.externaltools.gnu-tools-for-stm32.11.3.rel1.win32_1.1.1.202309131626/tools/bin/../lib/gcc/arm-none-eabi/11.3.1/thumb/v7e-m+fp/hard\libgcc.a(_aeabi_ldivmod.o)
 .ARM.attributes
                0x0000000000000493       0x1e C:/ST/STM32CubeIDE_1.13.2/STM32CubeIDE/plugins/com.st.stm32cube.ide.mcu.externaltools.gnu-tools-for-stm32.11.3.rel1.win32_1.1.1.202309131626/tools/bin/../lib/gcc/arm-none-eabi/11.3.1/thumb/v7e-m+fp/hard\libgcc.a(_aeabi_uldivmod.o)
 .ARM.attributes
                0x00000000000004b1       0x34 C:/ST/STM32CubeIDE_1.13.2/STM32CubeIDE/plugins/com.st.stm32cube.ide.mcu.externaltools.gnu-tools-for-stm32.11.3.rel1.win32_1.1.1.202309131626/tools/bin/../lib/gcc/arm-none-eabi/11.3.1/thumb/v7e-m+fp/hard\libgcc.a(_udivmoddi4.o)
 .ARM.attributes
                0x00000000000004e5       0x1e C:/ST/STM32CubeIDE_1.13.2/STM32CubeIDE/plugins/com.st.stm32cube.ide.mcu.externaltools.gnu-tools-for-stm32.11.3.rel1.win32_1.1.1.202309131626/tools/bin/../lib/gcc/arm-none-eabi/11.3.1/thumb/v7e-m+fp/hard\libgcc.a(_dvmd_tls.o)
 .ARM.attributes
                0x0000000000000503       0x1e C:/ST/STM32CubeIDE_1.13.2/STM32CubeIDE/plugins/com.st.stm32cube.ide.mcu.externaltools.gnu-tools-for-stm32.11.3.rel1.win32_1.1.1.202309131626/tools/bin/../lib/gcc/arm-none-eabi/11.3.1/thumb/v7e-m+fp/hard/crtn.o
OUTPUT(loraTransmitterFinal.elf elf32-littlearm)
LOAD linker stubs
LOAD C:/ST/STM32CubeIDE_1.13.2/STM32CubeIDE/plugins/com.st.stm32cube.ide.mcu.externaltools.gnu-tools-for-stm32.11.3.rel1.win32_1.1.1.202309131626/tools/bin/../lib/gcc/arm-none-eabi/11.3.1/../../../../arm-none-eabi/lib/thumb/v7e-m+fp/hard\libc.a
LOAD C:/ST/STM32CubeIDE_1.13.2/STM32CubeIDE/plugins/com.st.stm32cube.ide.mcu.externaltools.gnu-tools-for-stm32.11.3.rel1.win32_1.1.1.202309131626/tools/bin/../lib/gcc/arm-none-eabi/11.3.1/../../../../arm-none-eabi/lib/thumb/v7e-m+fp/hard\libm.a
LOAD C:/ST/STM32CubeIDE_1.13.2/STM32CubeIDE/plugins/com.st.stm32cube.ide.mcu.externaltools.gnu-tools-for-stm32.11.3.rel1.win32_1.1.1.202309131626/tools/bin/../lib/gcc/arm-none-eabi/11.3.1/thumb/v7e-m+fp/hard\libgcc.a

.comment        0x0000000000000000       0x43
 .comment       0x0000000000000000       0x43 C:/ST/STM32CubeIDE_1.13.2/STM32CubeIDE/plugins/com.st.stm32cube.ide.mcu.externaltools.gnu-tools-for-stm32.11.3.rel1.win32_1.1.1.202309131626/tools/bin/../lib/gcc/arm-none-eabi/11.3.1/thumb/v7e-m+fp/hard/crtbegin.o
                                         0x44 (size before relaxing)
 .comment       0x0000000000000043       0x44 ./Core/Src/BMP280_STM32.o
 .comment       0x0000000000000043       0x44 ./Core/Src/LoRa.o
 .comment       0x0000000000000043       0x44 ./Core/Src/gpio.o
 .comment       0x0000000000000043       0x44 ./Core/Src/i2c.o
 .comment       0x0000000000000043       0x44 ./Core/Src/main.o
 .comment       0x0000000000000043       0x44 ./Core/Src/spi.o
 .comment       0x0000000000000043       0x44 ./Core/Src/stm32f4xx_hal_msp.o
 .comment       0x0000000000000043       0x44 ./Core/Src/stm32f4xx_it.o
 .comment       0x0000000000000043       0x44 ./Core/Src/system_stm32f4xx.o
 .comment       0x0000000000000043       0x44 ./Drivers/STM32F4xx_HAL_Driver/Src/stm32f4xx_hal.o
 .comment       0x0000000000000043       0x44 ./Drivers/STM32F4xx_HAL_Driver/Src/stm32f4xx_hal_cortex.o
 .comment       0x0000000000000043       0x44 ./Drivers/STM32F4xx_HAL_Driver/Src/stm32f4xx_hal_dma.o
 .comment       0x0000000000000043       0x44 ./Drivers/STM32F4xx_HAL_Driver/Src/stm32f4xx_hal_gpio.o
 .comment       0x0000000000000043       0x44 ./Drivers/STM32F4xx_HAL_Driver/Src/stm32f4xx_hal_i2c.o
 .comment       0x0000000000000043       0x44 ./Drivers/STM32F4xx_HAL_Driver/Src/stm32f4xx_hal_rcc.o
 .comment       0x0000000000000043       0x44 ./Drivers/STM32F4xx_HAL_Driver/Src/stm32f4xx_hal_spi.o

.debug_info     0x0000000000000000     0xba20
 .debug_info    0x0000000000000000      0xac0 ./Core/Src/BMP280_STM32.o
 .debug_info    0x0000000000000ac0      0xdaf ./Core/Src/LoRa.o
 .debug_info    0x000000000000186f      0x618 ./Core/Src/gpio.o
 .debug_info    0x0000000000001e87      0xa77 ./Core/Src/i2c.o
 .debug_info    0x00000000000028fe      0xe0c ./Core/Src/main.o
 .debug_info    0x000000000000370a      0xb56 ./Core/Src/spi.o
 .debug_info    0x0000000000004260      0x2a4 ./Core/Src/stm32f4xx_hal_msp.o
 .debug_info    0x0000000000004504      0x68e ./Core/Src/stm32f4xx_it.o
 .debug_info    0x0000000000004b92      0x53e ./Core/Src/system_stm32f4xx.o
 .debug_info    0x00000000000050d0       0x23 ./Core/Startup/startup_stm32f411vetx.o
 .debug_info    0x00000000000050f3      0x8fe ./Drivers/STM32F4xx_HAL_Driver/Src/stm32f4xx_hal.o
 .debug_info    0x00000000000059f1      0xceb ./Drivers/STM32F4xx_HAL_Driver/Src/stm32f4xx_hal_cortex.o
 .debug_info    0x00000000000066dc      0x903 ./Drivers/STM32F4xx_HAL_Driver/Src/stm32f4xx_hal_dma.o
 .debug_info    0x0000000000006fdf      0x712 ./Drivers/STM32F4xx_HAL_Driver/Src/stm32f4xx_hal_gpio.o
 .debug_info    0x00000000000076f1     0x2404 ./Drivers/STM32F4xx_HAL_Driver/Src/stm32f4xx_hal_i2c.o
 .debug_info    0x0000000000009af5      0x90f ./Drivers/STM32F4xx_HAL_Driver/Src/stm32f4xx_hal_rcc.o
 .debug_info    0x000000000000a404     0x161c ./Drivers/STM32F4xx_HAL_Driver/Src/stm32f4xx_hal_spi.o

.debug_abbrev   0x0000000000000000     0x22af
 .debug_abbrev  0x0000000000000000      0x276 ./Core/Src/BMP280_STM32.o
 .debug_abbrev  0x0000000000000276      0x26e ./Core/Src/LoRa.o
 .debug_abbrev  0x00000000000004e4      0x173 ./Core/Src/gpio.o
 .debug_abbrev  0x0000000000000657      0x1f6 ./Core/Src/i2c.o
 .debug_abbrev  0x000000000000084d      0x2b7 ./Core/Src/main.o
 .debug_abbrev  0x0000000000000b04      0x210 ./Core/Src/spi.o
 .debug_abbrev  0x0000000000000d14       0xf4 ./Core/Src/stm32f4xx_hal_msp.o
 .debug_abbrev  0x0000000000000e08      0x190 ./Core/Src/stm32f4xx_it.o
 .debug_abbrev  0x0000000000000f98      0x11a ./Core/Src/system_stm32f4xx.o
 .debug_abbrev  0x00000000000010b2       0x12 ./Core/Startup/startup_stm32f411vetx.o
 .debug_abbrev  0x00000000000010c4      0x252 ./Drivers/STM32F4xx_HAL_Driver/Src/stm32f4xx_hal.o
 .debug_abbrev  0x0000000000001316      0x343 ./Drivers/STM32F4xx_HAL_Driver/Src/stm32f4xx_hal_cortex.o
 .debug_abbrev  0x0000000000001659      0x236 ./Drivers/STM32F4xx_HAL_Driver/Src/stm32f4xx_hal_dma.o
 .debug_abbrev  0x000000000000188f      0x1f0 ./Drivers/STM32F4xx_HAL_Driver/Src/stm32f4xx_hal_gpio.o
 .debug_abbrev  0x0000000000001a7f      0x2d1 ./Drivers/STM32F4xx_HAL_Driver/Src/stm32f4xx_hal_i2c.o
 .debug_abbrev  0x0000000000001d50      0x2ca ./Drivers/STM32F4xx_HAL_Driver/Src/stm32f4xx_hal_rcc.o
 .debug_abbrev  0x000000000000201a      0x295 ./Drivers/STM32F4xx_HAL_Driver/Src/stm32f4xx_hal_spi.o

.debug_aranges  0x0000000000000000      0xa98
 .debug_aranges
                0x0000000000000000       0x58 ./Core/Src/BMP280_STM32.o
 .debug_aranges
                0x0000000000000058       0xb0 ./Core/Src/LoRa.o
 .debug_aranges
                0x0000000000000108       0x20 ./Core/Src/gpio.o
 .debug_aranges
                0x0000000000000128       0x40 ./Core/Src/i2c.o
 .debug_aranges
                0x0000000000000168       0x38 ./Core/Src/main.o
 .debug_aranges
                0x00000000000001a0       0x30 ./Core/Src/spi.o
 .debug_aranges
                0x00000000000001d0       0x20 ./Core/Src/stm32f4xx_hal_msp.o
 .debug_aranges
                0x00000000000001f0       0x70 ./Core/Src/stm32f4xx_it.o
 .debug_aranges
                0x0000000000000260       0x28 ./Core/Src/system_stm32f4xx.o
 .debug_aranges
                0x0000000000000288       0x28 ./Core/Startup/startup_stm32f411vetx.o
 .debug_aranges
                0x00000000000002b0       0xf0 ./Drivers/STM32F4xx_HAL_Driver/Src/stm32f4xx_hal.o
 .debug_aranges
                0x00000000000003a0      0x118 ./Drivers/STM32F4xx_HAL_Driver/Src/stm32f4xx_hal_cortex.o
 .debug_aranges
                0x00000000000004b8       0x90 ./Drivers/STM32F4xx_HAL_Driver/Src/stm32f4xx_hal_dma.o
 .debug_aranges
                0x0000000000000548       0x58 ./Drivers/STM32F4xx_HAL_Driver/Src/stm32f4xx_hal_gpio.o
 .debug_aranges
                0x00000000000005a0      0x2a0 ./Drivers/STM32F4xx_HAL_Driver/Src/stm32f4xx_hal_i2c.o
 .debug_aranges
                0x0000000000000840       0x88 ./Drivers/STM32F4xx_HAL_Driver/Src/stm32f4xx_hal_rcc.o
 .debug_aranges
                0x00000000000008c8      0x1d0 ./Drivers/STM32F4xx_HAL_Driver/Src/stm32f4xx_hal_spi.o

.debug_rnglists
                0x0000000000000000      0x81e
 .debug_rnglists
                0x0000000000000000       0x44 ./Core/Src/BMP280_STM32.o
 .debug_rnglists
                0x0000000000000044       0x84 ./Core/Src/LoRa.o
 .debug_rnglists
                0x00000000000000c8       0x14 ./Core/Src/gpio.o
 .debug_rnglists
                0x00000000000000dc       0x2d ./Core/Src/i2c.o
 .debug_rnglists
                0x0000000000000109       0x27 ./Core/Src/main.o
 .debug_rnglists
                0x0000000000000130       0x20 ./Core/Src/spi.o
 .debug_rnglists
                0x0000000000000150       0x13 ./Core/Src/stm32f4xx_hal_msp.o
 .debug_rnglists
                0x0000000000000163       0x4f ./Core/Src/stm32f4xx_it.o
 .debug_rnglists
                0x00000000000001b2       0x1a ./Core/Src/system_stm32f4xx.o
 .debug_rnglists
                0x00000000000001cc       0x19 ./Core/Startup/startup_stm32f411vetx.o
 .debug_rnglists
                0x00000000000001e5       0xaf ./Drivers/STM32F4xx_HAL_Driver/Src/stm32f4xx_hal.o
 .debug_rnglists
                0x0000000000000294       0xce ./Drivers/STM32F4xx_HAL_Driver/Src/stm32f4xx_hal_cortex.o
 .debug_rnglists
                0x0000000000000362       0x71 ./Drivers/STM32F4xx_HAL_Driver/Src/stm32f4xx_hal_dma.o
 .debug_rnglists
                0x00000000000003d3       0x3f ./Drivers/STM32F4xx_HAL_Driver/Src/stm32f4xx_hal_gpio.o
 .debug_rnglists
                0x0000000000000412      0x236 ./Drivers/STM32F4xx_HAL_Driver/Src/stm32f4xx_hal_i2c.o
 .debug_rnglists
                0x0000000000000648       0x66 ./Drivers/STM32F4xx_HAL_Driver/Src/stm32f4xx_hal_rcc.o
 .debug_rnglists
                0x00000000000006ae      0x170 ./Drivers/STM32F4xx_HAL_Driver/Src/stm32f4xx_hal_spi.o

.debug_macro    0x0000000000000000    0x164f9
 .debug_macro   0x0000000000000000      0x1f4 ./Core/Src/BMP280_STM32.o
 .debug_macro   0x00000000000001f4      0xaa8 ./Core/Src/BMP280_STM32.o
 .debug_macro   0x0000000000000c9c      0x2a2 ./Core/Src/BMP280_STM32.o
 .debug_macro   0x0000000000000f3e       0x2e ./Core/Src/BMP280_STM32.o
 .debug_macro   0x0000000000000f6c       0x28 ./Core/Src/BMP280_STM32.o
 .debug_macro   0x0000000000000f94       0x22 ./Core/Src/BMP280_STM32.o
 .debug_macro   0x0000000000000fb6       0x8e ./Core/Src/BMP280_STM32.o
 .debug_macro   0x0000000000001044       0x51 ./Core/Src/BMP280_STM32.o
 .debug_macro   0x0000000000001095      0x103 ./Core/Src/BMP280_STM32.o
 .debug_macro   0x0000000000001198       0x6a ./Core/Src/BMP280_STM32.o
 .debug_macro   0x0000000000001202      0x1df ./Core/Src/BMP280_STM32.o
 .debug_macro   0x00000000000013e1       0x1c ./Core/Src/BMP280_STM32.o
 .debug_macro   0x00000000000013fd       0x22 ./Core/Src/BMP280_STM32.o
 .debug_macro   0x000000000000141f       0xd9 ./Core/Src/BMP280_STM32.o
 .debug_macro   0x00000000000014f8     0x102d ./Core/Src/BMP280_STM32.o
 .debug_macro   0x0000000000002525      0x11f ./Core/Src/BMP280_STM32.o
 .debug_macro   0x0000000000002644     0xb953 ./Core/Src/BMP280_STM32.o
 .debug_macro   0x000000000000df97       0x6d ./Core/Src/BMP280_STM32.o
 .debug_macro   0x000000000000e004     0x367e ./Core/Src/BMP280_STM32.o
 .debug_macro   0x0000000000011682      0x174 ./Core/Src/BMP280_STM32.o
 .debug_macro   0x00000000000117f6       0x5c ./Core/Src/BMP280_STM32.o
 .debug_macro   0x0000000000011852      0x447 ./Core/Src/BMP280_STM32.o
 .debug_macro   0x0000000000011c99      0x9fe ./Core/Src/BMP280_STM32.o
 .debug_macro   0x0000000000012697      0x115 ./Core/Src/BMP280_STM32.o
 .debug_macro   0x00000000000127ac      0x11b ./Core/Src/BMP280_STM32.o
 .debug_macro   0x00000000000128c7       0xa5 ./Core/Src/BMP280_STM32.o
 .debug_macro   0x000000000001296c      0x15f ./Core/Src/BMP280_STM32.o
 .debug_macro   0x0000000000012acb      0x287 ./Core/Src/BMP280_STM32.o
 .debug_macro   0x0000000000012d52       0x5f ./Core/Src/BMP280_STM32.o
 .debug_macro   0x0000000000012db1      0x236 ./Core/Src/BMP280_STM32.o
 .debug_macro   0x0000000000012fe7      0x132 ./Core/Src/BMP280_STM32.o
 .debug_macro   0x0000000000013119      0x264 ./Core/Src/BMP280_STM32.o
 .debug_macro   0x000000000001337d       0x2e ./Core/Src/BMP280_STM32.o
 .debug_macro   0x00000000000133ab      0x1b5 ./Core/Src/BMP280_STM32.o
 .debug_macro   0x0000000000013560       0x22 ./Core/Src/BMP280_STM32.o
 .debug_macro   0x0000000000013582       0xd6 ./Core/Src/BMP280_STM32.o
 .debug_macro   0x0000000000013658      0x11a ./Core/Src/BMP280_STM32.o
 .debug_macro   0x0000000000013772       0x85 ./Core/Src/BMP280_STM32.o
 .debug_macro   0x00000000000137f7       0x89 ./Core/Src/BMP280_STM32.o
 .debug_macro   0x0000000000013880      0x225 ./Core/Src/BMP280_STM32.o
 .debug_macro   0x0000000000013aa5      0x126 ./Core/Src/BMP280_STM32.o
 .debug_macro   0x0000000000013bcb       0x2e ./Core/Src/BMP280_STM32.o
 .debug_macro   0x0000000000013bf9      0x1eb ./Core/Src/LoRa.o
 .debug_macro   0x0000000000013de4       0x2e ./Core/Src/LoRa.o
 .debug_macro   0x0000000000013e12      0x166 ./Core/Src/LoRa.o
 .debug_macro   0x0000000000013f78      0x1ec ./Core/Src/gpio.o
 .debug_macro   0x0000000000014164      0x1ec ./Core/Src/i2c.o
 .debug_macro   0x0000000000014350      0x2ee ./Core/Src/main.o
 .debug_macro   0x000000000001463e       0x34 ./Core/Src/main.o
 .debug_macro   0x0000000000014672       0x61 ./Core/Src/main.o
 .debug_macro   0x00000000000146d3       0x2a ./Core/Src/main.o
 .debug_macro   0x00000000000146fd       0x43 ./Core/Src/main.o
 .debug_macro   0x0000000000014740       0x34 ./Core/Src/main.o
 .debug_macro   0x0000000000014774       0x16 ./Core/Src/main.o
 .debug_macro   0x000000000001478a       0x35 ./Core/Src/main.o
 .debug_macro   0x00000000000147bf      0x369 ./Core/Src/main.o
 .debug_macro   0x0000000000014b28       0x10 ./Core/Src/main.o
 .debug_macro   0x0000000000014b38       0x16 ./Core/Src/main.o
 .debug_macro   0x0000000000014b4e       0x43 ./Core/Src/main.o
 .debug_macro   0x0000000000014b91       0x34 ./Core/Src/main.o
 .debug_macro   0x0000000000014bc5       0x10 ./Core/Src/main.o
 .debug_macro   0x0000000000014bd5       0x58 ./Core/Src/main.o
 .debug_macro   0x0000000000014c2d       0x8e ./Core/Src/main.o
 .debug_macro   0x0000000000014cbb       0x1c ./Core/Src/main.o
 .debug_macro   0x0000000000014cd7      0x177 ./Core/Src/main.o
 .debug_macro   0x0000000000014e4e       0x16 ./Core/Src/main.o
 .debug_macro   0x0000000000014e64       0x16 ./Core/Src/main.o
 .debug_macro   0x0000000000014e7a      0x147 ./Core/Src/main.o
 .debug_macro   0x0000000000014fc1      0x1ec ./Core/Src/spi.o
 .debug_macro   0x00000000000151ad      0x1e2 ./Core/Src/stm32f4xx_hal_msp.o
 .debug_macro   0x000000000001538f      0x1ec ./Core/Src/stm32f4xx_it.o
 .debug_macro   0x000000000001557b      0x1d3 ./Core/Src/system_stm32f4xx.o
 .debug_macro   0x000000000001574e      0x233 ./Drivers/STM32F4xx_HAL_Driver/Src/stm32f4xx_hal.o
 .debug_macro   0x0000000000015981      0x1d3 ./Drivers/STM32F4xx_HAL_Driver/Src/stm32f4xx_hal_cortex.o
 .debug_macro   0x0000000000015b54      0x1d9 ./Drivers/STM32F4xx_HAL_Driver/Src/stm32f4xx_hal_dma.o
 .debug_macro   0x0000000000015d2d      0x1d9 ./Drivers/STM32F4xx_HAL_Driver/Src/stm32f4xx_hal_gpio.o
 .debug_macro   0x0000000000015f06      0x21a ./Drivers/STM32F4xx_HAL_Driver/Src/stm32f4xx_hal_i2c.o
 .debug_macro   0x0000000000016120      0x1f7 ./Drivers/STM32F4xx_HAL_Driver/Src/stm32f4xx_hal_rcc.o
 .debug_macro   0x0000000000016317      0x1e2 ./Drivers/STM32F4xx_HAL_Driver/Src/stm32f4xx_hal_spi.o

.debug_line     0x0000000000000000     0xf129
 .debug_line    0x0000000000000000      0xb8a ./Core/Src/BMP280_STM32.o
 .debug_line    0x0000000000000b8a      0xb45 ./Core/Src/LoRa.o
 .debug_line    0x00000000000016cf      0x770 ./Core/Src/gpio.o
 .debug_line    0x0000000000001e3f      0x8ad ./Core/Src/i2c.o
 .debug_line    0x00000000000026ec      0x9a0 ./Core/Src/main.o
 .debug_line    0x000000000000308c      0x7ba ./Core/Src/spi.o
 .debug_line    0x0000000000003846      0x747 ./Core/Src/stm32f4xx_hal_msp.o
 .debug_line    0x0000000000003f8d      0x838 ./Core/Src/stm32f4xx_it.o
 .debug_line    0x00000000000047c5      0x7c7 ./Core/Src/system_stm32f4xx.o
 .debug_line    0x0000000000004f8c       0x7a ./Core/Startup/startup_stm32f411vetx.o
 .debug_line    0x0000000000005006      0xa41 ./Drivers/STM32F4xx_HAL_Driver/Src/stm32f4xx_hal.o
 .debug_line    0x0000000000005a47      0xea1 ./Drivers/STM32F4xx_HAL_Driver/Src/stm32f4xx_hal_cortex.o
 .debug_line    0x00000000000068e8     0x114f ./Drivers/STM32F4xx_HAL_Driver/Src/stm32f4xx_hal_dma.o
 .debug_line    0x0000000000007a37      0xd04 ./Drivers/STM32F4xx_HAL_Driver/Src/stm32f4xx_hal_gpio.o
 .debug_line    0x000000000000873b     0x3c36 ./Drivers/STM32F4xx_HAL_Driver/Src/stm32f4xx_hal_i2c.o
 .debug_line    0x000000000000c371      0xf60 ./Drivers/STM32F4xx_HAL_Driver/Src/stm32f4xx_hal_rcc.o
 .debug_line    0x000000000000d2d1     0x1e58 ./Drivers/STM32F4xx_HAL_Driver/Src/stm32f4xx_hal_spi.o

.debug_str      0x0000000000000000    0x87a06
 .debug_str     0x0000000000000000    0x81045 ./Core/Src/BMP280_STM32.o
                                      0x81355 (size before relaxing)
 .debug_str     0x0000000000081045      0x8a2 ./Core/Src/LoRa.o
                                      0x816ca (size before relaxing)
 .debug_str     0x00000000000818e7      0x52d ./Core/Src/gpio.o
                                      0x8116a (size before relaxing)
 .debug_str     0x0000000000081e14       0xa7 ./Core/Src/i2c.o
                                      0x812fc (size before relaxing)
 .debug_str     0x0000000000081ebb     0x399e ./Core/Src/main.o
                                      0x850f2 (size before relaxing)
 .debug_str     0x0000000000085859       0x5f ./Core/Src/spi.o
                                      0x8160a (size before relaxing)
 .debug_str     0x00000000000858b8       0x49 ./Core/Src/stm32f4xx_hal_msp.o
                                      0x80cf4 (size before relaxing)
 .debug_str     0x0000000000085901      0x116 ./Core/Src/stm32f4xx_it.o
                                      0x81100 (size before relaxing)
 .debug_str     0x0000000000085a17       0xdb ./Core/Src/system_stm32f4xx.o
                                      0x80cf2 (size before relaxing)
 .debug_str     0x0000000000085af2       0x34 ./Core/Startup/startup_stm32f411vetx.o
                                         0x7c (size before relaxing)
 .debug_str     0x0000000000085b26      0x5e6 ./Drivers/STM32F4xx_HAL_Driver/Src/stm32f4xx_hal.o
                                      0x8173e (size before relaxing)
 .debug_str     0x000000000008610c      0x323 ./Drivers/STM32F4xx_HAL_Driver/Src/stm32f4xx_hal_cortex.o
                                      0x81461 (size before relaxing)
 .debug_str     0x000000000008642f      0x31a ./Drivers/STM32F4xx_HAL_Driver/Src/stm32f4xx_hal_dma.o
                                      0x81108 (size before relaxing)
 .debug_str     0x0000000000086749       0xf0 ./Drivers/STM32F4xx_HAL_Driver/Src/stm32f4xx_hal_gpio.o
                                      0x80e7b (size before relaxing)
 .debug_str     0x0000000000086839      0xaa8 ./Drivers/STM32F4xx_HAL_Driver/Src/stm32f4xx_hal_i2c.o
                                      0x81cbe (size before relaxing)
 .debug_str     0x00000000000872e1      0x213 ./Drivers/STM32F4xx_HAL_Driver/Src/stm32f4xx_hal_rcc.o
                                      0x81134 (size before relaxing)
 .debug_str     0x00000000000874f4      0x512 ./Drivers/STM32F4xx_HAL_Driver/Src/stm32f4xx_hal_spi.o
                                      0x815b2 (size before relaxing)

.debug_frame    0x0000000000000000     0x2bd0
 .debug_frame   0x0000000000000000      0x148 ./Core/Src/BMP280_STM32.o
 .debug_frame   0x0000000000000148      0x2cc ./Core/Src/LoRa.o
 .debug_frame   0x0000000000000414       0x34 ./Core/Src/gpio.o
 .debug_frame   0x0000000000000448       0xac ./Core/Src/i2c.o
 .debug_frame   0x00000000000004f4       0x98 ./Core/Src/main.o
 .debug_frame   0x000000000000058c       0x74 ./Core/Src/spi.o
 .debug_frame   0x0000000000000600       0x34 ./Core/Src/stm32f4xx_hal_msp.o
 .debug_frame   0x0000000000000634      0x13c ./Core/Src/stm32f4xx_it.o
 .debug_frame   0x0000000000000770       0x58 ./Core/Src/system_stm32f4xx.o
 .debug_frame   0x00000000000007c8      0x374 ./Drivers/STM32F4xx_HAL_Driver/Src/stm32f4xx_hal.o
 .debug_frame   0x0000000000000b3c      0x494 ./Drivers/STM32F4xx_HAL_Driver/Src/stm32f4xx_hal_cortex.o
 .debug_frame   0x0000000000000fd0      0x254 ./Drivers/STM32F4xx_HAL_Driver/Src/stm32f4xx_hal_dma.o
 .debug_frame   0x0000000000001224      0x138 ./Drivers/STM32F4xx_HAL_Driver/Src/stm32f4xx_hal_gpio.o
 .debug_frame   0x000000000000135c      0xc48 ./Drivers/STM32F4xx_HAL_Driver/Src/stm32f4xx_hal_i2c.o
 .debug_frame   0x0000000000001fa4      0x1f8 ./Drivers/STM32F4xx_HAL_Driver/Src/stm32f4xx_hal_rcc.o
 .debug_frame   0x000000000000219c      0x824 ./Drivers/STM32F4xx_HAL_Driver/Src/stm32f4xx_hal_spi.o
 .debug_frame   0x00000000000029c0       0x20 C:/ST/STM32CubeIDE_1.13.2/STM32CubeIDE/plugins/com.st.stm32cube.ide.mcu.externaltools.gnu-tools-for-stm32.11.3.rel1.win32_1.1.1.202309131626/tools/bin/../lib/gcc/arm-none-eabi/11.3.1/../../../../arm-none-eabi/lib/thumb/v7e-m+fp/hard\libc_nano.a(libc_a-memset.o)
 .debug_frame   0x00000000000029e0       0x2c C:/ST/STM32CubeIDE_1.13.2/STM32CubeIDE/plugins/com.st.stm32cube.ide.mcu.externaltools.gnu-tools-for-stm32.11.3.rel1.win32_1.1.1.202309131626/tools/bin/../lib/gcc/arm-none-eabi/11.3.1/../../../../arm-none-eabi/lib/thumb/v7e-m+fp/hard\libc_nano.a(libc_a-init.o)
 .debug_frame   0x0000000000002a0c       0xac C:/ST/STM32CubeIDE_1.13.2/STM32CubeIDE/plugins/com.st.stm32cube.ide.mcu.externaltools.gnu-tools-for-stm32.11.3.rel1.win32_1.1.1.202309131626/tools/bin/../lib/gcc/arm-none-eabi/11.3.1/thumb/v7e-m+fp/hard\libgcc.a(_arm_addsubdf3.o)
 .debug_frame   0x0000000000002ab8       0x50 C:/ST/STM32CubeIDE_1.13.2/STM32CubeIDE/plugins/com.st.stm32cube.ide.mcu.externaltools.gnu-tools-for-stm32.11.3.rel1.win32_1.1.1.202309131626/tools/bin/../lib/gcc/arm-none-eabi/11.3.1/thumb/v7e-m+fp/hard\libgcc.a(_arm_muldivdf3.o)
 .debug_frame   0x0000000000002b08       0x24 C:/ST/STM32CubeIDE_1.13.2/STM32CubeIDE/plugins/com.st.stm32cube.ide.mcu.externaltools.gnu-tools-for-stm32.11.3.rel1.win32_1.1.1.202309131626/tools/bin/../lib/gcc/arm-none-eabi/11.3.1/thumb/v7e-m+fp/hard\libgcc.a(_arm_truncdfsf2.o)
 .debug_frame   0x0000000000002b2c       0x44 C:/ST/STM32CubeIDE_1.13.2/STM32CubeIDE/plugins/com.st.stm32cube.ide.mcu.externaltools.gnu-tools-for-stm32.11.3.rel1.win32_1.1.1.202309131626/tools/bin/../lib/gcc/arm-none-eabi/11.3.1/thumb/v7e-m+fp/hard\libgcc.a(_aeabi_ldivmod.o)
 .debug_frame   0x0000000000002b70       0x2c C:/ST/STM32CubeIDE_1.13.2/STM32CubeIDE/plugins/com.st.stm32cube.ide.mcu.externaltools.gnu-tools-for-stm32.11.3.rel1.win32_1.1.1.202309131626/tools/bin/../lib/gcc/arm-none-eabi/11.3.1/thumb/v7e-m+fp/hard\libgcc.a(_aeabi_uldivmod.o)
 .debug_frame   0x0000000000002b9c       0x34 C:/ST/STM32CubeIDE_1.13.2/STM32CubeIDE/plugins/com.st.stm32cube.ide.mcu.externaltools.gnu-tools-for-stm32.11.3.rel1.win32_1.1.1.202309131626/tools/bin/../lib/gcc/arm-none-eabi/11.3.1/thumb/v7e-m+fp/hard\libgcc.a(_udivmoddi4.o)

.debug_line_str
                0x0000000000000000       0x70
 .debug_line_str
                0x0000000000000000       0x70 ./Core/Startup/startup_stm32f411vetx.o
                                         0x88 (size before relaxing)
